// Jest Snapshot v1, https://goo.gl/fbAQLP

exports[`should render expense item component on passinge expense 1`] = `
<div>
  <h3>
    Gum
     - 
    <Link
      to="/edit/1"
    >
      Edit Expense
    </Link>
  </h3>
  <p>
    195
     - 
    <Component />
  </p>
</div>
`;
