// Jest Snapshot v1, https://goo.gl/fbAQLP

exports[`testing rendering of expenses list component  1`] = `
<div>
  <h3>
    Expenses List
  </h3>
  <ExpenseItem
    amount={195}
    createdAt={"1970-01-01T00:00:00.000Z"}
    description="Gum"
    id="1"
    key="1"
    note=""
  />
  <ExpenseItem
    amount={195000}
    createdAt={-345600000}
    description="Rent"
    id="2"
    key="2"
    note=""
  />
  <ExpenseItem
    amount={4500}
    createdAt={345600000}
    description="Credit Card"
    id="3"
    key="3"
    note=""
  />
</div>
`;

exports[`testing rendering of expenses list component with no expenses  1`] = `
<div>
  <h3>
    Expenses List
  </h3>
</div>
`;
